"heat_transfer_rate_inlet_inner_pipe-rfile"
"Iteration" "heat_transfer_rate_inlet_inner_pipe"
("Iteration" "heat_transfer_rate_inlet_inner_pipe")
1 31105.46
2 30982.68
3 30956.18
4 30949.15
5 30947.37
6 30946.9
7 30946.8
8 30946.79
9 30946.79
10 30946.79
11 30946.79
12 30946.79
13 30946.79
14 30946.79
15 30946.79
16 30946.79
17 30946.79
18 30946.79
19 30946.79
20 30946.79
21 30946.79
22 30946.79
23 30946.79
24 30946.79
25 30946.79
26 30946.79
27 30946.79
28 30946.79
29 30946.79
30 30946.79
31 30946.79
32 30946.79
33 30946.79
34 30946.79
35 30946.79
36 30946.79
37 30946.79
38 30946.79
39 30946.79
40 30946.79
41 30946.79
42 30946.79
43 30946.79
44 30946.79
45 30946.79
46 30946.79
47 30946.79
48 30946.79
49 30946.79
50 30946.79
51 30946.79
52 30946.79
53 30946.79
54 30946.79
55 30946.79
56 30946.79
57 30946.79
58 30946.79
59 30946.79
60 30946.79
61 30946.79
62 30946.79
63 30946.79
64 30946.79
65 30946.79
66 30946.79
67 30946.79
68 30946.79
69 30946.79
70 30946.79
71 30946.79
72 30946.79
73 30946.79
74 30946.79
75 30946.79
76 30946.79
77 30946.79
78 30946.79
79 30946.79
80 30946.79
81 30946.79
82 30946.79
83 30946.79
84 30946.79
85 30946.79
86 30946.79
87 30946.79
88 30946.79
89 30946.79
90 30946.79
91 30946.79
92 30946.79
93 30946.79
94 30946.79
95 30946.79
96 30946.79
97 30946.79
98 30946.79
99 30946.79
100 30946.79
101 30946.79
102 30946.79
103 30946.79
104 30946.79
105 30946.79
106 30946.79
107 30946.79
108 30946.79
109 30946.79
110 30946.79
111 30946.79
112 30946.79
113 30946.79
114 30946.79
115 30946.79
116 30946.79
117 30946.79
118 30946.79
119 30946.79
120 30946.79
121 30946.79
122 30946.79
123 30946.79
124 30946.79
125 30946.79
126 30946.79
127 30946.79
128 30946.79
129 30946.79
130 30946.79
131 30946.79
132 30946.79
133 30946.79
134 30946.79
135 30946.79
136 30946.79
137 30946.79
138 30946.79
139 30946.79
140 30946.79
141 30946.79
142 30946.79
143 30946.79
144 30946.79
145 30946.79
146 30946.79
147 30946.79
148 30946.79
149 30946.79
150 30946.79
151 30946.79
152 30946.79
153 30946.79
154 30946.79
155 30946.79
156 30946.79
157 30946.79
158 30946.79
159 30946.79
160 30946.79
161 30946.79
162 30946.79
163 30946.79
164 30946.79
165 30946.79
166 30946.79
167 30946.79
168 30946.79
169 30946.79
170 30946.79
171 30946.79
172 30946.79
173 30946.79
174 30946.79
175 30946.79
176 30946.79
177 30946.79
178 30946.79
179 30946.79
180 30946.79
181 30946.79
182 30946.79
183 30946.79
184 30946.79
185 30946.79
186 30946.79
187 30946.79
188 30946.79
189 30946.79
190 30946.79
191 30946.79
192 30946.79
193 30946.79
194 30946.79
195 30946.79
196 30946.79
197 30946.79
198 30946.79
199 30946.79
