"heat_transfer_rate_inlet_outer_pipe-rfile"
"Iteration" "heat_transfer_rate_inlet_outer_pipe"
("Iteration" "heat_transfer_rate_inlet_outer_pipe")
1 2612.871
2 2872.149
3 2930.881
4 2945.939
5 2949.654
6 2950.56
7 2950.771
8 2950.815
9 2950.821
10 2950.821
11 2950.819
12 2950.818
13 2950.818
14 2950.818
15 2950.818
16 2950.818
17 2950.818
18 2950.818
19 2950.818
20 2950.818
21 2950.818
22 2950.818
23 2950.818
24 2950.818
25 2950.818
26 2950.818
27 2950.818
28 2950.818
29 2950.818
30 2950.818
31 2950.818
32 2950.818
33 2950.818
34 2950.818
35 2950.817
36 2950.817
37 2950.817
38 2950.818
39 2950.818
40 2950.818
41 2950.818
42 2950.818
43 2950.818
44 2950.818
45 2950.818
46 2950.818
47 2950.818
48 2950.818
49 2950.818
50 2950.818
51 2950.818
52 2950.818
53 2950.818
54 2950.818
55 2950.818
56 2950.818
57 2950.818
58 2950.818
59 2950.818
60 2950.818
61 2950.818
62 2950.818
63 2950.818
64 2950.818
65 2950.818
66 2950.818
67 2950.818
68 2950.818
69 2950.818
70 2950.818
71 2950.818
72 2950.818
73 2950.817
74 2950.817
75 2950.817
76 2950.818
77 2950.817
78 2950.818
79 2950.818
80 2950.818
81 2950.817
82 2950.818
83 2950.818
84 2950.818
85 2950.817
86 2950.818
87 2950.818
88 2950.818
89 2950.818
90 2950.818
91 2950.818
92 2950.818
93 2950.818
94 2950.818
95 2950.818
96 2950.818
97 2950.818
98 2950.817
99 2950.818
100 2950.818
101 2950.818
102 2950.818
103 2950.818
104 2950.818
105 2950.818
106 2950.818
107 2950.818
108 2950.818
109 2950.818
110 2950.818
111 2950.818
112 2950.818
113 2950.818
114 2950.817
115 2950.818
116 2950.818
117 2950.818
118 2950.818
119 2950.818
120 2950.818
121 2950.818
122 2950.818
123 2950.818
124 2950.818
125 2950.818
126 2950.817
127 2950.817
128 2950.818
129 2950.818
130 2950.818
131 2950.818
132 2950.818
133 2950.818
134 2950.818
135 2950.817
136 2950.817
137 2950.817
138 2950.817
139 2950.818
140 2950.817
141 2950.817
142 2950.817
143 2950.817
144 2950.817
145 2950.817
146 2950.817
147 2950.818
148 2950.818
149 2950.817
150 2950.818
151 2950.818
152 2950.818
153 2950.818
154 2950.818
155 2950.818
156 2950.818
157 2950.818
158 2950.818
159 2950.818
160 2950.818
161 2950.818
162 2950.818
163 2950.818
164 2950.818
165 2950.818
166 2950.818
167 2950.817
168 2950.817
169 2950.818
170 2950.818
171 2950.818
172 2950.818
173 2950.818
174 2950.818
175 2950.818
176 2950.818
177 2950.818
178 2950.818
179 2950.818
180 2950.818
181 2950.818
182 2950.818
183 2950.818
184 2950.818
185 2950.818
186 2950.818
187 2950.818
188 2950.818
189 2950.818
190 2950.818
191 2950.818
192 2950.818
193 2950.818
194 2950.818
195 2950.818
196 2950.817
197 2950.818
198 2950.817
199 2950.818
